                                                                                                
  [1;38;5;86mKoditon Manual Sync[m                                                                           
  [1;38;5;111mSubsystems > Ads > Actions > Detail[m                                                           
  [38;5;244mEsc back • j/k scroll • x raw JSON • q quit[m                                                   
                                                                                                
  [38;5;238m╭──────────────────────────────────────────────────────────────────────────────────────────╮[m  
  [38;5;238m│[m [1;38;5;117mCanonical[m                                                                                [38;5;238m│[m  
  [38;5;238m│[m [1;38;5;75mCanonical ID[m: [38;5;252mshortcut:ad:12345[m                                                          [38;5;238m│[m  
  [38;5;238m│[m [1;38;5;75mSource[m: [38;5;252mshortcut[m                                                                         [38;5;238m│[m  
  [38;5;238m│[m [1;38;5;75mKind[m: [38;5;252mad[m                                                                                 [38;5;238m│[m  
  [38;5;238m│[m [1;38;5;75mNative ID[m: [38;5;252m12345[m                                                                         [38;5;238m│[m  
  [38;5;238m│[m [1;38;5;75mHeadline[m: [38;5;252mMannerheimintie 1[m                                                              [38;5;238m│[m  
  [38;5;238m│[m [1;38;5;75mAddress[m: [38;5;252mMannerheimintie 1[m                                                               [38;5;238m│[m  
  [38;5;238m│[m [1;38;5;75mCity[m: [38;5;252mHelsinki[m                                                                           [38;5;238m│[m  
  [38;5;238m│[m [1;38;5;75mPostal[m: [38;5;252m00100[m                                                                            [38;5;238m│[m  
  [38;5;238m│[m [1;38;5;75mPrice[m: [38;5;252m230000[m                                                                            [38;5;238m│[m  
  [38;5;238m│[m [1;38;5;75mArea[m: [38;5;252m48.5[m                                                                               [38;5;238m│[m  
  [38;5;238m│[m [1;38;5;75mRoom Layout[m: [38;5;252m2h+k[m                                                                        [38;5;238m│[m  
  [38;5;238m│[m [1;38;5;75mURL[m: [38;5;252mhttps://example.test/ad/12345[m                                                       [38;5;238m│[m  
  [38;5;238m│[m [1;38;5;75mLast Seen[m: [38;5;252m2026-02-22 10:00:00Z[m                                                          [38;5;238m│[m  
  [38;5;238m│[m                                                                                          [38;5;238m│[m  
  [38;5;238m│[m [1;38;5;117mSource Specific[m                                                                          [38;5;238m│[m  
  [38;5;238m│[m [1;38;5;75mAd Type[m: [38;5;252mlisting[m                                                                         [38;5;238m│[m  
  [38;5;238m│[m [1;38;5;75mBuilding ID[m: [38;5;252m3f0268f4-2c8f-4a5a-af96-07025833928f[m                                        [38;5;238m│[m  
  [38;5;238m│[m                                                                                          [38;5;238m│[m  
  [38;5;238m│[m [1;38;5;117mRelated[m                                                                                  [38;5;238m│[m  
  [38;5;238m│[m [1;38;5;75mBuilding Listings[m: [38;5;252m17[m                                                                    [38;5;238m│[m  
  [38;5;238m│[m [1;38;5;75mBuilding Rentals[m: [38;5;252m6[m                                                                      [38;5;238m│[m  
  [38;5;238m│[m                                                                                          [38;5;238m│[m  
  [38;5;238m│[m [1;38;5;117mRaw JSON[m                                                                                 [38;5;238m│[m  
  [38;5;238m╰──────────────────────────────────────────────────────────────────────────────────────────╯[m  
                                                                                                
  [38;5;245mEsc back • j/k scroll • PgUp/PgDn • x toggle raw JSON[m                                         
                                                                                                