                                                                                                  
  Koditon Manual Sync                                                                             
  Subsystems > Ads > Actions > Detail                                                             
  Esc back • j/k scroll • x raw JSON • q quit                                                     
                                                                                                  
  ╭────────────────────────────────────────────────────────────────────────────────────────────╮  
  │ Canonical                                                                                  │  
  │ Canonical ID: shortcut:ad:12345                                                            │  
  │ Source: shortcut                                                                           │  
  │ Kind: ad                                                                                   │  
  │ Native ID: 12345                                                                           │  
  │ Headline: Mannerheimintie 1                                                                │  
  │ Address: Mannerheimintie 1                                                                 │  
  │ City: Helsinki                                                                             │  
  │ Postal: 00100                                                                              │  
  │ Price: 230000                                                                              │  
  │ Area: 48.5                                                                                 │  
  │ Room Layout: 2h+k                                                                          │  
  │ URL: https://example.test/ad/12345                                                         │  
  │ Last Seen: 2026-02-22 10:00:00Z                                                            │  
  │                                                                                            │  
  │ Source Specific                                                                            │  
  │ Ad Type: listing                                                                           │  
  │ Building ID: 3f0268f4-2c8f-4a5a-af96-07025833928f                                          │  
  │                                                                                            │  
  │ Related                                                                                    │  
  │ Building Listings: 17                                                                      │  
  │ Building Rentals: 6                                                                        │  
  │                                                                                            │  
  │ Raw JSON                                                                                   │  
  ╰────────────────────────────────────────────────────────────────────────────────────────────╯  
                                                                                                  
  Esc back • j/k scroll • PgUp/PgDn • x toggle raw JSON                                           
                                                                                                  