                                                                   
  [1;38;5;86mKoditon Manual Sync[m                                              
  [1;38;5;111mSubsystems[m                                                       
  [38;5;244mEnter select/run • Esc back • q quit • Ctrl+C cancel active job[m  
                                                                   
  [1;38;5;45m[m                                                                 
  [1;38;5;45m _  __         _ _ _[m                                             
  [1;38;5;45m| |/ /___   __| (_) |_ ___  _ __[m                                 
  [1;38;5;45m| ' // _ \ / _  | | __/ _ \| '_ \[m                                
  [1;38;5;45m| . \ (_) | (_| | | || (_) | | | |[m                               
  [1;38;5;45m|_|\_\___/ \__,_|_|\__\___/|_| |_|[m                               
  [1;38;5;45m[m                                                                 
    [1;38;5;86mSubsystems[m                                                     
                                                                   
  [1;38;5;230;48;5;33m  Ads[m                                                            
  [38;5;153;48;5;24m    Unified ads and announcement report search[m                   
                                                                   
  [38;5;252m  Frontdoor[m                                                      
  [38;5;250m    Frontdoor sitemap and entity sync[m                            
                                                                   
  [38;5;252m  Shortcut[m                                                       
  [38;5;250m    Shortcut sitemap and entity sync[m                             
                                                                   
  [38;5;252m  Prices[m                                                         
  [38;5;250m    Prices batch and city-level sync[m                             
                                                                   
  [38;5;252m  Postal[m                                                         
  [38;5;250m    Postal dataset synchronization[m                               
                                                                   
                                                                   
                                                                   
                                                                   
                                                                   
                                                                   
                                                                   
                                                                   
                                                                   
    [38;2;98;98;98m↑/k[m [38;2;74;74;74mup[m[38;2;60;60;60m • [m[38;2;98;98;98m↓/j[m [38;2;74;74;74mdown[m[38;2;60;60;60m • [m[38;2;98;98;98mq[m [38;2;74;74;74mquit[m[38;2;60;60;60m • [m[38;2;98;98;98m?[m [38;2;74;74;74mmore[m                            
  [1;38;5;117mSelected Subsystem[m                                               
  [1;38;5;230;48;5;33mAds[m                                                              
  [38;5;250mUnified ads and announcement report search[m                       
  [38;5;245mPress Enter to open actions.[m                                     
                                                                   