                                                                   
  Koditon Manual Sync                                              
  Subsystems                                                       
  Enter select/run • Esc back • q quit • Ctrl+C cancel active job  
                                                                   
                                                                   
   _  __         _ _ _                                             
  | |/ /___   __| (_) |_ ___  _ __                                 
  | ' // _ \ / _  | | __/ _ \| '_ \                                
  | . \ (_) | (_| | | || (_) | | | |                               
  |_|\_\___/ \__,_|_|\__\___/|_| |_|                               
                                                                   
    Subsystems                                                     
                                                                   
    Ads                                                            
      Unified ads and announcement report search                   
                                                                   
    Frontdoor                                                      
      Frontdoor sitemap and entity sync                            
                                                                   
    Shortcut                                                       
      Shortcut sitemap and entity sync                             
                                                                   
    Prices                                                         
      Prices batch and city-level sync                             
                                                                   
    Postal                                                         
      Postal dataset synchronization                               
                                                                   
                                                                   
                                                                   
                                                                   
                                                                   
                                                                   
                                                                   
                                                                   
                                                                   
    ↑/k up • ↓/j down • q quit • ? more                            
  Selected Subsystem                                               
  Ads                                                              
  Unified ads and announcement report search                       
  Press Enter to open actions.                                     
                                                                   