
  [1;38;5;86mKoditon Manual Sync[m
  [1;38;5;111mSubsystems > Ads > Actions[m
  [38;5;244mEnter search • Tab/j/k fields • h/l choices • Esc back • q quit[m

  [38;5;238m╭──────────────────────────────────────────────────────────────────────────────────────────╮[m
  [38;5;238m│[m [1;38;5;86mSearch Reports[m                                                                           [38;5;238m│[m
  [38;5;238m│[m [38;5;250mUnified Shortcut + Frontdoor ads report search[m                                           [38;5;238m│[m
  [38;5;238m│[m                                                                                          [38;5;238m│[m
  [38;5;238m│[m [1;38;5;75m> Query (id/url/address/postal/city)[m                                                     [38;5;238m│[m
  [38;5;238m│[m   [37m> [m[7;37mh[m[38;5;240melsinki 00100[m[38;5;240m                                               [m                        [38;5;238m│[m
  [38;5;238m│[m                                                                                          [38;5;238m│[m
  [38;5;238m│[m [1;38;5;75m  Source[m                                                                                 [38;5;238m│[m
  [38;5;238m│[m   [38;5;245m[h/l] [m[38;5;252m  All  [m                                                                          [38;5;238m│[m
  [38;5;238m│[m                                                                                          [38;5;238m│[m
  [38;5;238m│[m [1;38;5;75m  Kind[m                                                                                   [38;5;238m│[m
  [38;5;238m│[m   [38;5;245m[h/l] [m[38;5;252m  All  [m                                                                          [38;5;238m│[m
  [38;5;238m│[m                                                                                          [38;5;238m│[m
  [38;5;238m│[m [1;38;5;75m  Min price[m                                                                              [38;5;238m│[m
  [38;5;238m│[m   [37m> [m[38;5;240m1[m[38;5;240m00000[m[38;5;240m                                                       [m                        [38;5;238m│[m
  [38;5;238m│[m                                                                                          [38;5;238m│[m
  [38;5;238m│[m [1;38;5;75m  Max price[m                                                                              [38;5;238m│[m
  [38;5;238m│[m   [37m> [m[38;5;240m4[m[38;5;240m00000[m[38;5;240m                                                       [m                        [38;5;238m│[m
  [38;5;238m│[m                                                                                          [38;5;238m│[m
  [38;5;238m│[m [1;38;5;75m  Min area (m2)[m                                                                          [38;5;238m│[m
  [38;5;238m│[m   [37m> [m[38;5;240m3[m[38;5;240m0[m[38;5;240m                                                           [m                        [38;5;238m│[m
  [38;5;238m│[m                                                                                          [38;5;238m│[m
  [38;5;238m│[m [1;38;5;75m  Max area (m2)[m                                                                          [38;5;238m│[m
  [38;5;238m│[m   [37m> [m[38;5;240m1[m[38;5;240m20[m[38;5;240m                                                          [m                        [38;5;238m│[m
  [38;5;238m│[m                                                                                          [38;5;238m│[m
  [38;5;238m│[m [1;38;5;75m  City contains[m                                                                          [38;5;238m│[m
  [38;5;238m│[m   [37m> [m[38;5;240mH[m[38;5;240melsinki[m[38;5;240m                                                     [m                        [38;5;238m│[m
  [38;5;238m│[m                                                                                          [38;5;238m│[m
  [38;5;238m│[m [1;38;5;75m  Postal contains[m                                                                        [38;5;238m│[m
  [38;5;238m│[m   [37m> [m[38;5;240m0[m[38;5;240m0100[m[38;5;240m                                                        [m                        [38;5;238m│[m
  [38;5;238m│[m                                                                                          [38;5;238m│[m
  [38;5;238m│[m [1;38;5;75m  Sort[m                                                                                   [38;5;238m│[m
  [38;5;238m│[m   [38;5;245m[h/l] [m[38;5;252m  Newest first  [m                                                                 [38;5;238m│[m
  [38;5;238m│[m                                                                                          [38;5;238m│[m
  [38;5;238m│[m [1;38;5;75m  Page size[m                                                                              [38;5;238m│[m
  [38;5;238m│[m   [38;5;245m[h/l] [m[38;5;252m  50  [m                                                                           [38;5;238m│[m
  [38;5;238m│[m                                                                                          [38;5;238m│[m
  [38;5;238m│[m [38;5;245mEnter search • Tab/j/k navigate • h/l change choices • Esc back[m                          [38;5;238m│[m
  [38;5;238m╰──────────────────────────────────────────────────────────────────────────────────────────╯[m
