
  [1;38;5;86mKoditon Manual Sync[m
  [1;38;5;111mSubsystems > Prices > Actions[m
  [38;5;244mEnter select/run • Esc back • q quit • Ctrl+C cancel active job[m

  [38;5;238m╭──────────────────────────────────────────────────────────────────────────────────────────╮[m
  [38;5;238m│[m [1;38;5;86mSync City by Name[m                                                                        [38;5;238m│[m
  [38;5;238m│[m [38;5;250mQueue prices data sync for one city[m                                                      [38;5;238m│[m
  [38;5;238m│[m                                                                                          [38;5;238m│[m
  [38;5;238m│[m [1;38;5;75mType to fuzzy-match cities. Enter selects closest match. Esc cancel[m                      [38;5;238m│[m
  [38;5;238m│[m [38;5;245mLoading cities...[m                                                                        [38;5;238m│[m
  [38;5;238m╰──────────────────────────────────────────────────────────────────────────────────────────╯[m
